
> frontend@0.0.0 build
> vite build

[36mvite v7.3.1 [32mbuilding client environment for production...[36m[39m
transforming...
node.exe : [33m[vite:css][postcss] @import must 
precede all other statements (besides @charset 
or empty @layer)
At line:1 char:1
+ & "C:\Program Files\nodejs/node.exe" 
"C:\Users\Aguinaldo Arnaldo\AppD ...
+ ~~~~~~~~~~~~~~~~~~~~~~~~~~~~~~~~~~~~~~~~~~~~~~~
~~~~~~~~~~~~~~~~~~~~~~
    + CategoryInfo          : NotSpecified: ([3 
   3m[vite:css]...r empty @layer):String) [], R  
  emoteException
    + FullyQualifiedErrorId : NativeCommandError
 
98  |  
99  |  /* Google Fonts Import Placeholder 
(Actual import should be in index.html for 
performance) */
100 |  @import url('https://fonts.googleapis.com/
css2?family=Inter:wght@400;500;600;700&family=Out
fit:wght@600;700&display=s...
    |  ^^^^^^^^^^^^^^^^^^^^^^^^^^^^^^^^^^^^^^^^^^
^^^^^^^^^^^^^^^^^^^^^^^^^^^^^^^^^^^^^^^^^^^^^^^^^
^^^^^^^^^^^^^^^^^^^^^^^^^^^^^[39m
[32mÔ£ô[39m 72 modules transformed.
[31mÔ£ù[39m Build failed in 4.25s
[31merror during build:
[31msrc/Components/Sidebar/Sidebar.jsx (5:2): 
"LuBarChart3" is not exported by 
"node_modules/react-icons/lu/index.mjs", 
imported by 
"src/Components/Sidebar/Sidebar.jsx".[31m
file: [36mC:/Users/Aguinaldo Arnaldo/Documents/C
onexoVivaProjetos/Estatistica_hospitalar_Sequele/
frontend/src/Components/Sidebar/Sidebar.jsx:5:2[
31m
[33m
3:   LuLayoutDashboard, 
4:   LuMapPin, 
5:   LuBarChart3, 
     ^
6:   LuBuilding2, 
7:   LuList, 
[31m
    at getRollupError (file:///C:/Users/Aguinaldo
%20Arnaldo/Documents/ConexoVivaProjetos/Estatisti
ca_hospitalar_Sequele/frontend/node_modules/rollu
p/dist/es/shared/parseAst.js:402:41)
    at error (file:///C:/Users/Aguinaldo%20Arnald
o/Documents/ConexoVivaProjetos/Estatistica_hospit
alar_Sequele/frontend/node_modules/rollup/dist/es
/shared/parseAst.js:398:42)
    at Module.error (file:///C:/Users/Aguinaldo%2
0Arnaldo/Documents/ConexoVivaProjetos/Estatistica
_hospitalar_Sequele/frontend/node_modules/rollup/
dist/es/shared/node-entry.js:17040:16)
    at Module.traceVariable (file:///C:/Users/Agu
inaldo%20Arnaldo/Documents/ConexoVivaProjetos/Est
atistica_hospitalar_Sequele/frontend/node_modules
/rollup/dist/es/shared/node-entry.js:17452:29)
    at ModuleScope.findVariable (file:///C:/Users
/Aguinaldo%20Arnaldo/Documents/ConexoVivaProjetos
/Estatistica_hospitalar_Sequele/frontend/node_mod
ules/rollup/dist/es/shared/node-entry.js:15070:39
)
    at Identifier.bind (file:///C:/Users/Aguinald
o%20Arnaldo/Documents/ConexoVivaProjetos/Estatist
ica_hospitalar_Sequele/frontend/node_modules/roll
up/dist/es/shared/node-entry.js:5447:40)
    at CallExpression.bind (file:///C:/Users/Agui
naldo%20Arnaldo/Documents/ConexoVivaProjetos/Esta
tistica_hospitalar_Sequele/frontend/node_modules/
rollup/dist/es/shared/node-entry.js:2825:28)
    at CallExpression.bind (file:///C:/Users/Agui
naldo%20Arnaldo/Documents/ConexoVivaProjetos/Esta
tistica_hospitalar_Sequele/frontend/node_modules/
rollup/dist/es/shared/node-entry.js:12179:15)
    at Property.bind (file:///C:/Users/Aguinaldo%
20Arnaldo/Documents/ConexoVivaProjetos/Estatistic
a_hospitalar_Sequele/frontend/node_modules/rollup
/dist/es/shared/node-entry.js:2829:23)
    at ObjectExpression.bind (file:///C:/Users/Ag
uinaldo%20Arnaldo/Documents/ConexoVivaProjetos/Es
tatistica_hospitalar_Sequele/frontend/node_module
s/rollup/dist/es/shared/node-entry.js:2825:28)
    at ArrayExpression.bind (file:///C:/Users/Agu
inaldo%20Arnaldo/Documents/ConexoVivaProjetos/Est
atistica_hospitalar_Sequele/frontend/node_modules
/rollup/dist/es/shared/node-entry.js:2825:28)
    at Property.bind (file:///C:/Users/Aguinaldo%
20Arnaldo/Documents/ConexoVivaProjetos/Estatistic
a_hospitalar_Sequele/frontend/node_modules/rollup
/dist/es/shared/node-entry.js:2829:23)
    at ObjectExpression.bind (file:///C:/Users/Ag
uinaldo%20Arnaldo/Documents/ConexoVivaProjetos/Es
tatistica_hospitalar_Sequele/frontend/node_module
s/rollup/dist/es/shared/node-entry.js:2825:28)
    at ArrayExpression.bind (file:///C:/Users/Agu
inaldo%20Arnaldo/Documents/ConexoVivaProjetos/Est
atistica_hospitalar_Sequele/frontend/node_modules
/rollup/dist/es/shared/node-entry.js:2825:28)
    at VariableDeclarator.bind (file:///C:/Users/
Aguinaldo%20Arnaldo/Documents/ConexoVivaProjetos/
Estatistica_hospitalar_Sequele/frontend/node_modu
les/rollup/dist/es/shared/node-entry.js:2829:23)
    at VariableDeclaration.bind (file:///C:/Users
/Aguinaldo%20Arnaldo/Documents/ConexoVivaProjetos
/Estatistica_hospitalar_Sequele/frontend/node_mod
ules/rollup/dist/es/shared/node-entry.js:2825:28)
    at Program.bind (file:///C:/Users/Aguinaldo%2
0Arnaldo/Documents/ConexoVivaProjetos/Estatistica
_hospitalar_Sequele/frontend/node_modules/rollup/
dist/es/shared/node-entry.js:2825:28)
    at Module.bindReferences (file:///C:/Users/Ag
uinaldo%20Arnaldo/Documents/ConexoVivaProjetos/Es
tatistica_hospitalar_Sequele/frontend/node_module
s/rollup/dist/es/shared/node-entry.js:17019:18)
    at Graph.sortAndBindModules (file:///C:/Users
/Aguinaldo%20Arnaldo/Documents/ConexoVivaProjetos
/Estatistica_hospitalar_Sequele/frontend/node_mod
ules/rollup/dist/es/shared/node-entry.js:22843:20
)
    at Graph.build (file:///C:/Users/Aguinaldo%20
Arnaldo/Documents/ConexoVivaProjetos/Estatistica_
hospitalar_Sequele/frontend/node_modules/rollup/d
ist/es/shared/node-entry.js:22741:14)
    at async file:///C:/Users/Aguinaldo%20Arnaldo
/Documents/ConexoVivaProjetos/Estatistica_hospita
lar_Sequele/frontend/node_modules/rollup/dist/es/
shared/node-entry.js:23432:13
    at async catchUnfinishedHookActions (file:///
C:/Users/Aguinaldo%20Arnaldo/Documents/ConexoViva
Projetos/Estatistica_hospitalar_Sequele/frontend/
node_modules/rollup/dist/es/shared/node-entry.js:
22902:16)
    at async rollupInternal (file:///C:/Users/Agu
inaldo%20Arnaldo/Documents/ConexoVivaProjetos/Est
atistica_hospitalar_Sequele/frontend/node_modules
/rollup/dist/es/shared/node-entry.js:23427:5)
    at async buildEnvironment (file:///C:/Users/A
guinaldo%20Arnaldo/Documents/ConexoVivaProjetos/E
statistica_hospitalar_Sequele/frontend/node_modul
es/vite/dist/node/chunks/config.js:33541:12)
    at async Object.build (file:///C:/Users/Aguin
aldo%20Arnaldo/Documents/ConexoVivaProjetos/Estat
istica_hospitalar_Sequele/frontend/node_modules/v
ite/dist/node/chunks/config.js:33900:19)
    at async Object.buildApp (file:///C:/Users/Ag
uinaldo%20Arnaldo/Documents/ConexoVivaProjetos/Es
tatistica_hospitalar_Sequele/frontend/node_module
s/vite/dist/node/chunks/config.js:33897:153)
    at async CAC.<anonymous> (file:///C:/Users/Ag
uinaldo%20Arnaldo/Documents/ConexoVivaProjetos/Es
tatistica_hospitalar_Sequele/frontend/node_module
s/vite/dist/node/cli.js:629:3)[39m
